!@!
$$$
---
0
1
1
1
00b
01b
1
1-step
201
92b
999
a$v
ab
abk
abk
abkprj
acr
adk
aea
aff
aja
ajl
amk
arc
arc
arm
arz
asd
ashbak
ashdisc
asv
asv
ate
avz
awb
bac
backup
backup
backupdb
bak
bak
bak
bak
bak
bak
bak
bak
bak
bak
bak
bak
bak
bak~
baz
bb
bbb
bbk
bbz
bc6
bc7
bca
bckp
bcm
bdb
bdb
bdc
bdf
bff
bfs
bfw
bin
bjf
bk!
bk0
bk1
bk1
bk1
bk2
bk3
bk4
bk5
bk6
bk7
bk8
bk9
bkc
bkf
bki
bko
bkp
bks
bks
bku
bkup
bky
bkz
blend1
blend2
bm3
bmr
bms
bp0
bp1
bp2
bp3
bp4
bpb
bpn
bpp
bpr
bps
bpsd
brz
bsr
btx
buc
bud
bup
bvs
bvw
bws
bws
bz1
cam
cas
cbk
cbk
cbk
cbu
cdb
cdr
cedata
cig
ckp
cmb
cmb
cmp
cps
cps
crashed
crds
crt
ctf
ctx
ctx
ctz
cvt
da0
da1
datbak0
dat_mcr
dat_old
dbe
dbk
dbk
dbk
dbq
dir
diy
dkb
dl_
dmd
dmf
drscan
drt
dsb
dsk
dsk
dsk
dss
dt6
dwt
ebf
ebi
ebk
edk
eg
ewb
ex
ex_
fb
fbc
fbf
fbk
fbu
fez
fif
flb
fpbf
fri
ftmb
fwb
fxh
fzb
gb1
gbck
gbk
gbm
gbp
gcb
gho
ghs
grb
gsba
gws
hbi
hbk
hcb
hdb
hdk
hm4
hm~
i5d
i5s
iab
ibak
ibz
icbu
ichat
ima
ima
image
img
img
imm
in0
in1
inc
iobit
ipd
ipe
file extension
file extension
jaf
jbk
jbk
jpa
jrs
json
jtbackup
jwc
kb2
kbb
krt
lbk
lcb
ldb
lid
llx
loaderbackup
mbf
mbk
mbk
mbkp
mbsb
mbsyncstate
mbu
mcg
mdbackup
mddata
mdinfo
mdo
mdr
mds
mib
mkz
mon
moz-backup
mpb
mpr
mrimg
mscx
mscz
msnbak
mtb
mv_
myc
nab
nab
nb7
nba
nbak
nbd
nbf
nbi
nbu
nbz
nco
ndu
nfb
nfc
nhv
npb
npf
npf
nr4
nrb
nrc
nrd
nrg
nrh
nri
nrm
nrs
nru
nrw
nsd
ntj
nu3
nv
nv3
nvf
ob
ob5
obak
obk
obk
och
oeb
ofb
old
omg
opt
orig
original_epub
original_mobi
out
ovb
oyx
p15
p24
p2i
p2v
p3c
pal
partimg
partimg.bz2
partimg.gz
pb
pbb
pbf
pbf
pbr
pca
pcd
pchd
pck
pcu
pcv
pcv
pd2
pd3
pd4
pd5
pmz4
pqb
pqi
previous
prv
psa
psb
psc
pspautosave
psw
ptb
purgeable
qb2013
qb2014
qbb
qbk
qbmb
qbmd
qcn
qdb
qdf-backup
qdk
qib
qic
qmd
QuickBooksAutoDataRecovery
quickenbackup
r00
r02
r03
r04
r05
r06
r07
r08
r09
r10
r11
r12
r13
r14
r15
r16
r17
r18
r19
r20
r21
r22
r23
r24
r25
r26
r27
rar
raw
rb0
rb1
rb4
rbc
rbf
rbf
rbk
rbr
rdb
re3
rec
ren
rgmb
rim
rman
rmb
rmbak
rom
rpk
rrr
safe
sat
save
saved
sbb
sbf
sbk
sbu
scp
sdc
set
sid
sik
sim
sis
skb
sn1
sn2
sn4
sns
sparsebundle
sparseimage
spb
spi
sps
sqb
ssb
ssp
stg
sun
sv2i
svd
svg
svl
svs
swc
swp
syncdb
tb2
tbi
tbk
tbk
tbk
tcs
tdr
tib
tig
tk2
tlbackup
tly
tmb
tmp
tmr
tofp
totalsbackup
tpb
trn
ttbk
uas
uci
udif
umb
undo
utb
v2b
v2i
vbb
vbf
vbk
